// Jest Snapshot v1, https://goo.gl/fbAQLP

exports[`With React Testing Library Snapshot Should match Snapshot 1`] = `
<DocumentFragment>
  <div
    class="max-w-md mx-auto border-red-500 border-solid border"
  >
    <h1
      class="font-serif text-3xl"
    >
      This is a title
    </h1>
    <p
      class="text-red-500"
    >
      Abstract goes here
    </p>
  </div>
</DocumentFragment>
`;
